Analysis & Synthesis report for projeto
Sat Jun  8 21:18:13 2024
Quartus Prime Version 23.1std.0 Build 991 11/28/2023 SC Lite Edition


---------------------
; Table of Contents ;
---------------------
  1. Legal Notice
  2. Analysis & Synthesis Summary
  3. Analysis & Synthesis Settings
  4. Parallel Compilation
  5. Analysis & Synthesis Source Files Read
  6. Analysis & Synthesis Resource Usage Summary
  7. Analysis & Synthesis Resource Utilization by Entity
  8. Analysis & Synthesis DSP Block Usage Summary
  9. Registers Removed During Synthesis
 10. General Register Statistics
 11. Inverted Register Statistics
 12. Multiplexer Restructuring Statistics (Restructuring Performed)
 13. Port Connectivity Checks: "memory:memoryInstancia"
 14. Port Connectivity Checks: "nave:naveInstancia|bola:bolaAliada"
 15. Port Connectivity Checks: "nave:naveInstancia"
 16. Post-Synthesis Netlist Statistics for Top Partition
 17. Elapsed Time Per Partition
 18. Analysis & Synthesis Messages



----------------
; Legal Notice ;
----------------
Copyright (C) 2023  Intel Corporation. All rights reserved.
Your use of Intel Corporation's design tools, logic functions 
and other software and tools, and any partner logic 
functions, and any output files from any of the foregoing 
(including device programming or simulation files), and any 
associated documentation or information are expressly subject 
to the terms and conditions of the Intel Program License 
Subscription Agreement, the Intel Quartus Prime License Agreement,
the Intel FPGA IP License Agreement, or other applicable license
agreement, including, without limitation, that your use is for
the sole purpose of programming logic devices manufactured by
Intel and sold by Intel or its authorized distributors.  Please
refer to the applicable agreement for further details, at
https://fpgasoftware.intel.com/eula.



+----------------------------------------------------------------------------------+
; Analysis & Synthesis Summary                                                     ;
+---------------------------------+------------------------------------------------+
; Analysis & Synthesis Status     ; Successful - Sat Jun  8 21:18:13 2024          ;
; Quartus Prime Version           ; 23.1std.0 Build 991 11/28/2023 SC Lite Edition ;
; Revision Name                   ; projeto                                        ;
; Top-level Entity Name           ; projeto                                        ;
; Family                          ; Cyclone V                                      ;
; Logic utilization (in ALMs)     ; N/A                                            ;
; Total registers                 ; 213                                            ;
; Total pins                      ; 96                                             ;
; Total virtual pins              ; 0                                              ;
; Total block memory bits         ; 0                                              ;
; Total DSP Blocks                ; 10                                             ;
; Total HSSI RX PCSs              ; 0                                              ;
; Total HSSI PMA RX Deserializers ; 0                                              ;
; Total HSSI TX PCSs              ; 0                                              ;
; Total HSSI PMA TX Serializers   ; 0                                              ;
; Total PLLs                      ; 0                                              ;
; Total DLLs                      ; 0                                              ;
+---------------------------------+------------------------------------------------+


+---------------------------------------------------------------------------------------------------------------------------+
; Analysis & Synthesis Settings                                                                                             ;
+---------------------------------------------------------------------------------+--------------------+--------------------+
; Option                                                                          ; Setting            ; Default Value      ;
+---------------------------------------------------------------------------------+--------------------+--------------------+
; Device                                                                          ; 5CSEMA5F31C6       ;                    ;
; Top-level entity name                                                           ; projeto            ; projeto            ;
; Family name                                                                     ; Cyclone V          ; Cyclone V          ;
; Use smart compilation                                                           ; Off                ; Off                ;
; Enable parallel Assembler and Timing Analyzer during compilation                ; On                 ; On                 ;
; Enable compact report table                                                     ; Off                ; Off                ;
; Restructure Multiplexers                                                        ; Auto               ; Auto               ;
; MLAB Add Timing Constraints For Mixed-Port Feed-Through Mode Setting Don't Care ; Off                ; Off                ;
; Create Debugging Nodes for IP Cores                                             ; Off                ; Off                ;
; Preserve fewer node names                                                       ; On                 ; On                 ;
; Intel FPGA IP Evaluation Mode                                                   ; Enable             ; Enable             ;
; Verilog Version                                                                 ; Verilog_2001       ; Verilog_2001       ;
; VHDL Version                                                                    ; VHDL_1993          ; VHDL_1993          ;
; State Machine Processing                                                        ; Auto               ; Auto               ;
; Safe State Machine                                                              ; Off                ; Off                ;
; Extract Verilog State Machines                                                  ; On                 ; On                 ;
; Extract VHDL State Machines                                                     ; On                 ; On                 ;
; Ignore Verilog initial constructs                                               ; Off                ; Off                ;
; Iteration limit for constant Verilog loops                                      ; 5000               ; 5000               ;
; Iteration limit for non-constant Verilog loops                                  ; 250                ; 250                ;
; Add Pass-Through Logic to Inferred RAMs                                         ; On                 ; On                 ;
; Infer RAMs from Raw Logic                                                       ; On                 ; On                 ;
; Parallel Synthesis                                                              ; On                 ; On                 ;
; DSP Block Balancing                                                             ; Auto               ; Auto               ;
; NOT Gate Push-Back                                                              ; On                 ; On                 ;
; Power-Up Don't Care                                                             ; On                 ; On                 ;
; Remove Redundant Logic Cells                                                    ; Off                ; Off                ;
; Remove Duplicate Registers                                                      ; On                 ; On                 ;
; Ignore CARRY Buffers                                                            ; Off                ; Off                ;
; Ignore CASCADE Buffers                                                          ; Off                ; Off                ;
; Ignore GLOBAL Buffers                                                           ; Off                ; Off                ;
; Ignore ROW GLOBAL Buffers                                                       ; Off                ; Off                ;
; Ignore LCELL Buffers                                                            ; Off                ; Off                ;
; Ignore SOFT Buffers                                                             ; On                 ; On                 ;
; Limit AHDL Integers to 32 Bits                                                  ; Off                ; Off                ;
; Optimization Technique                                                          ; Balanced           ; Balanced           ;
; Carry Chain Length                                                              ; 70                 ; 70                 ;
; Auto Carry Chains                                                               ; On                 ; On                 ;
; Auto Open-Drain Pins                                                            ; On                 ; On                 ;
; Perform WYSIWYG Primitive Resynthesis                                           ; Off                ; Off                ;
; Auto ROM Replacement                                                            ; On                 ; On                 ;
; Auto RAM Replacement                                                            ; On                 ; On                 ;
; Auto DSP Block Replacement                                                      ; On                 ; On                 ;
; Auto Shift Register Replacement                                                 ; Auto               ; Auto               ;
; Allow Shift Register Merging across Hierarchies                                 ; Auto               ; Auto               ;
; Auto Clock Enable Replacement                                                   ; On                 ; On                 ;
; Strict RAM Replacement                                                          ; Off                ; Off                ;
; Allow Synchronous Control Signals                                               ; On                 ; On                 ;
; Force Use of Synchronous Clear Signals                                          ; Off                ; Off                ;
; Auto Resource Sharing                                                           ; Off                ; Off                ;
; Allow Any RAM Size For Recognition                                              ; Off                ; Off                ;
; Allow Any ROM Size For Recognition                                              ; Off                ; Off                ;
; Allow Any Shift Register Size For Recognition                                   ; Off                ; Off                ;
; Use LogicLock Constraints during Resource Balancing                             ; On                 ; On                 ;
; Ignore translate_off and synthesis_off directives                               ; Off                ; Off                ;
; Timing-Driven Synthesis                                                         ; On                 ; On                 ;
; Report Parameter Settings                                                       ; On                 ; On                 ;
; Report Source Assignments                                                       ; On                 ; On                 ;
; Report Connectivity Checks                                                      ; On                 ; On                 ;
; Ignore Maximum Fan-Out Assignments                                              ; Off                ; Off                ;
; Synchronization Register Chain Length                                           ; 3                  ; 3                  ;
; Power Optimization During Synthesis                                             ; Normal compilation ; Normal compilation ;
; HDL message level                                                               ; Level2             ; Level2             ;
; Suppress Register Optimization Related Messages                                 ; Off                ; Off                ;
; Number of Removed Registers Reported in Synthesis Report                        ; 5000               ; 5000               ;
; Number of Swept Nodes Reported in Synthesis Report                              ; 5000               ; 5000               ;
; Number of Inverted Registers Reported in Synthesis Report                       ; 100                ; 100                ;
; Clock MUX Protection                                                            ; On                 ; On                 ;
; Auto Gated Clock Conversion                                                     ; Off                ; Off                ;
; Block Design Naming                                                             ; Auto               ; Auto               ;
; SDC constraint protection                                                       ; Off                ; Off                ;
; Synthesis Effort                                                                ; Auto               ; Auto               ;
; Shift Register Replacement - Allow Asynchronous Clear Signal                    ; On                 ; On                 ;
; Pre-Mapping Resynthesis Optimization                                            ; Off                ; Off                ;
; Analysis & Synthesis Message Level                                              ; Medium             ; Medium             ;
; Disable Register Merging Across Hierarchies                                     ; Auto               ; Auto               ;
; Resource Aware Inference For Block RAM                                          ; On                 ; On                 ;
; Automatic Parallel Synthesis                                                    ; On                 ; On                 ;
; Partial Reconfiguration Bitstream ID                                            ; Off                ; Off                ;
+---------------------------------------------------------------------------------+--------------------+--------------------+


+------------------------------------------+
; Parallel Compilation                     ;
+----------------------------+-------------+
; Processors                 ; Number      ;
+----------------------------+-------------+
; Number detected on machine ; 8           ;
; Maximum allowed            ; 4           ;
;                            ;             ;
; Average used               ; 1.00        ;
; Maximum used               ; 4           ;
;                            ;             ;
; Usage by Processor         ; % Time Used ;
;     Processor 1            ; 100.0%      ;
;     Processor 2            ;   0.0%      ;
;     Processor 3            ;   0.0%      ;
;     Processor 4            ;   0.0%      ;
+----------------------------+-------------+


+------------------------------------------------------------------------------------------------------------------------------------------------------------------------------------------+
; Analysis & Synthesis Source Files Read                                                                                                                                                   ;
+----------------------------------+-----------------+------------------------+--------------------------------------------------------------------------------------------------+---------+
; File Name with User-Entered Path ; Used in Netlist ; File Type              ; File Name with Absolute Path                                                                     ; Library ;
+----------------------------------+-----------------+------------------------+--------------------------------------------------------------------------------------------------+---------+
; src/bola.v                       ; yes             ; User Verilog HDL File  ; /home/henrique/Documents/unicamp/mc613/2024s1-mc613-projeto-circuitos-hatsune-miku/src/bola.v    ;         ;
; src/keys.v                       ; yes             ; User Verilog HDL File  ; /home/henrique/Documents/unicamp/mc613/2024s1-mc613-projeto-circuitos-hatsune-miku/src/keys.v    ;         ;
; src/memory.v                     ; yes             ; User Verilog HDL File  ; /home/henrique/Documents/unicamp/mc613/2024s1-mc613-projeto-circuitos-hatsune-miku/src/memory.v  ;         ;
; src/nave.v                       ; yes             ; User Verilog HDL File  ; /home/henrique/Documents/unicamp/mc613/2024s1-mc613-projeto-circuitos-hatsune-miku/src/nave.v    ;         ;
; src/projeto.v                    ; yes             ; User Verilog HDL File  ; /home/henrique/Documents/unicamp/mc613/2024s1-mc613-projeto-circuitos-hatsune-miku/src/projeto.v ;         ;
; src/vga.v                        ; yes             ; User Verilog HDL File  ; /home/henrique/Documents/unicamp/mc613/2024s1-mc613-projeto-circuitos-hatsune-miku/src/vga.v     ;         ;
+----------------------------------+-----------------+------------------------+--------------------------------------------------------------------------------------------------+---------+


+--------------------------------------------------------------+
; Analysis & Synthesis Resource Usage Summary                  ;
+---------------------------------------------+----------------+
; Resource                                    ; Usage          ;
+---------------------------------------------+----------------+
; Estimate of Logic utilization (ALMs needed) ; 281            ;
;                                             ;                ;
; Combinational ALUT usage for logic          ; 492            ;
;     -- 7 input functions                    ; 0              ;
;     -- 6 input functions                    ; 67             ;
;     -- 5 input functions                    ; 20             ;
;     -- 4 input functions                    ; 29             ;
;     -- <=3 input functions                  ; 376            ;
;                                             ;                ;
; Dedicated logic registers                   ; 213            ;
;                                             ;                ;
; I/O pins                                    ; 96             ;
;                                             ;                ;
; Total DSP Blocks                            ; 10             ;
;                                             ;                ;
; Maximum fan-out node                        ; CLOCK_50~input ;
; Maximum fan-out                             ; 172            ;
; Total fan-out                               ; 2525           ;
; Average fan-out                             ; 2.78           ;
+---------------------------------------------+----------------+


+-----------------------------------------------------------------------------------------------------------------------------------------------------------------------------------------------------------------+
; Analysis & Synthesis Resource Utilization by Entity                                                                                                                                                             ;
+-----------------------------+---------------------+---------------------------+-------------------+------------+------+--------------+---------------------------------------------+-------------+--------------+
; Compilation Hierarchy Node  ; Combinational ALUTs ; Dedicated Logic Registers ; Block Memory Bits ; DSP Blocks ; Pins ; Virtual Pins ; Full Hierarchy Name                         ; Entity Name ; Library Name ;
+-----------------------------+---------------------+---------------------------+-------------------+------------+------+--------------+---------------------------------------------+-------------+--------------+
; |projeto                    ; 492 (0)             ; 213 (0)                   ; 0                 ; 10         ; 96   ; 0            ; |projeto                                    ; projeto     ; work         ;
;    |keys:keysInstancia|     ; 126 (126)           ; 102 (102)                 ; 0                 ; 0          ; 0    ; 0            ; |projeto|keys:keysInstancia                 ; keys        ; work         ;
;    |memory:memoryInstancia| ; 208 (208)           ; 24 (24)                   ; 0                 ; 10         ; 0    ; 0            ; |projeto|memory:memoryInstancia             ; memory      ; work         ;
;    |nave:naveInstancia|     ; 125 (31)            ; 66 (11)                   ; 0                 ; 0          ; 0    ; 0            ; |projeto|nave:naveInstancia                 ; nave        ; work         ;
;       |bola:bolaAliada|     ; 94 (94)             ; 55 (55)                   ; 0                 ; 0          ; 0    ; 0            ; |projeto|nave:naveInstancia|bola:bolaAliada ; bola        ; work         ;
;    |vga:v|                  ; 33 (33)             ; 21 (21)                   ; 0                 ; 0          ; 0    ; 0            ; |projeto|vga:v                              ; vga         ; work         ;
+-----------------------------+---------------------+---------------------------+-------------------+------------+------+--------------+---------------------------------------------+-------------+--------------+
Note: For table entries with two numbers listed, the numbers in parentheses indicate the number of resources of the given type used by the specific entity alone. The numbers listed outside of parentheses indicate the total resources of the given type used by the specific entity and all of its sub-entities in the hierarchy.


+-----------------------------------------------+
; Analysis & Synthesis DSP Block Usage Summary  ;
+---------------------------------+-------------+
; Statistic                       ; Number Used ;
+---------------------------------+-------------+
; Independent 9x9                 ; 2           ;
; Two Independent 18x18           ; 4           ;
; Sum of two 18x18                ; 4           ;
; Total number of DSP blocks      ; 10          ;
;                                 ;             ;
; Fixed Point Unsigned Multiplier ; 14          ;
+---------------------------------+-------------+


+------------------------------------------------------------------------------------------------+
; Registers Removed During Synthesis                                                             ;
+-------------------------------------------------------+----------------------------------------+
; Register name                                         ; Reason for Removal                     ;
+-------------------------------------------------------+----------------------------------------+
; nave:naveInstancia|bola:bolaAliada|divisorCLK[0..5]   ; Stuck at GND due to stuck port data_in ;
; nave:naveInstancia|bola:bolaAliada|divisorCLK[6]      ; Stuck at VCC due to stuck port data_in ;
; nave:naveInstancia|bola:bolaAliada|divisorCLK[7]      ; Stuck at GND due to stuck port data_in ;
; nave:naveInstancia|bola:bolaAliada|divisorCLK[8]      ; Stuck at VCC due to stuck port data_in ;
; nave:naveInstancia|bola:bolaAliada|divisorCLK[9]      ; Stuck at GND due to stuck port data_in ;
; nave:naveInstancia|bola:bolaAliada|divisorCLK[10,11]  ; Stuck at VCC due to stuck port data_in ;
; nave:naveInstancia|bola:bolaAliada|divisorCLK[12..15] ; Stuck at GND due to stuck port data_in ;
; nave:naveInstancia|bola:bolaAliada|divisorCLK[16,17]  ; Stuck at VCC due to stuck port data_in ;
; nave:naveInstancia|bola:bolaAliada|divisorCLK[18..32] ; Stuck at GND due to stuck port data_in ;
; Total Number of Removed Registers = 33                ;                                        ;
+-------------------------------------------------------+----------------------------------------+


+------------------------------------------------------+
; General Register Statistics                          ;
+----------------------------------------------+-------+
; Statistic                                    ; Value ;
+----------------------------------------------+-------+
; Total registers                              ; 213   ;
; Number of registers using Synchronous Clear  ; 152   ;
; Number of registers using Synchronous Load   ; 0     ;
; Number of registers using Asynchronous Clear ; 56    ;
; Number of registers using Asynchronous Load  ; 0     ;
; Number of registers using Clock Enable       ; 140   ;
; Number of registers using Preset             ; 0     ;
+----------------------------------------------+-------+


+---------------------------------------------------+
; Inverted Register Statistics                      ;
+-----------------------------------------+---------+
; Inverted Register                       ; Fan out ;
+-----------------------------------------+---------+
; nave:naveInstancia|LEDR[1]              ; 6       ;
; nave:naveInstancia|LEDR[2]              ; 5       ;
; nave:naveInstancia|LEDR[3]              ; 6       ;
; nave:naveInstancia|LEDR[4]              ; 15      ;
; nave:naveInstancia|LEDR[6]              ; 10      ;
; nave:naveInstancia|LEDR[8]              ; 9       ;
; nave:naveInstancia|bola:bolaAliada|x[3] ; 1       ;
; nave:naveInstancia|bola:bolaAliada|x[5] ; 1       ;
; nave:naveInstancia|bola:bolaAliada|x[6] ; 1       ;
; nave:naveInstancia|bola:bolaAliada|x[7] ; 1       ;
; nave:naveInstancia|bola:bolaAliada|x[8] ; 1       ;
; nave:naveInstancia|bola:bolaAliada|x[9] ; 1       ;
; nave:naveInstancia|bola:bolaAliada|y[3] ; 3       ;
; nave:naveInstancia|bola:bolaAliada|y[5] ; 3       ;
; nave:naveInstancia|bola:bolaAliada|y[6] ; 3       ;
; nave:naveInstancia|bola:bolaAliada|y[7] ; 3       ;
; nave:naveInstancia|bola:bolaAliada|y[8] ; 3       ;
; nave:naveInstancia|bola:bolaAliada|y[9] ; 3       ;
; Total number of inverted registers = 18 ;         ;
+-----------------------------------------+---------+


+----------------------------------------------------------------------------------------------------------------------------------------------------------------+
; Multiplexer Restructuring Statistics (Restructuring Performed)                                                                                                 ;
+--------------------+-----------+---------------+----------------------+------------------------+------------+--------------------------------------------------+
; Multiplexer Inputs ; Bus Width ; Baseline Area ; Area if Restructured ; Saving if Restructured ; Registered ; Example Multiplexer Output                       ;
+--------------------+-----------+---------------+----------------------+------------------------+------------+--------------------------------------------------+
; 3:1                ; 4 bits    ; 8 LEs         ; 4 LEs                ; 4 LEs                  ; Yes        ; |projeto|nave:naveInstancia|bola:bolaAliada|x[4] ;
; 3:1                ; 4 bits    ; 8 LEs         ; 8 LEs                ; 0 LEs                  ; Yes        ; |projeto|nave:naveInstancia|bola:bolaAliada|y[0] ;
; 3:1                ; 6 bits    ; 12 LEs        ; 6 LEs                ; 6 LEs                  ; Yes        ; |projeto|nave:naveInstancia|bola:bolaAliada|x[6] ;
; 3:1                ; 6 bits    ; 12 LEs        ; 12 LEs               ; 0 LEs                  ; Yes        ; |projeto|nave:naveInstancia|bola:bolaAliada|y[9] ;
; 3:1                ; 2 bits    ; 4 LEs         ; 4 LEs                ; 0 LEs                  ; No         ; |projeto|memory:memoryInstancia|VGA_G            ;
; 4:1                ; 2 bits    ; 4 LEs         ; 4 LEs                ; 0 LEs                  ; No         ; |projeto|memory:memoryInstancia|VGA_B            ;
+--------------------+-----------+---------------+----------------------+------------------------+------------+--------------------------------------------------+


+---------------------------------------------------------------------------------------------------------------------------------------------------------------------------------------------------------------------------------+
; Port Connectivity Checks: "memory:memoryInstancia"                                                                                                                                                                              ;
+-------------------------+-------+----------+------------------------------------------------------------------------------------------------------------------------------------------------------------------------------------+
; Port                    ; Type  ; Severity ; Details                                                                                                                                                                            ;
+-------------------------+-------+----------+------------------------------------------------------------------------------------------------------------------------------------------------------------------------------------+
; perdeu                  ; Input ; Warning  ; Input port expression (32 bits) is wider than the input port (1 bits) it drives.  The 31 most-significant bit(s) in the expression will be dangling if they have no other fanouts. ;
; perdeu[-1]              ; Input ; Info     ; Stuck at GND                                                                                                                                                                       ;
; x_bola_inimiga[8..4]    ; Input ; Info     ; Stuck at VCC                                                                                                                                                                       ;
; x_bola_inimiga[1..0]    ; Input ; Info     ; Stuck at GND                                                                                                                                                                       ;
; x_bola_inimiga[9]       ; Input ; Info     ; Stuck at GND                                                                                                                                                                       ;
; x_bola_inimiga[3]       ; Input ; Info     ; Stuck at GND                                                                                                                                                                       ;
; x_bola_inimiga[2]       ; Input ; Info     ; Stuck at VCC                                                                                                                                                                       ;
; y_bola_inimiga[6..5]    ; Input ; Info     ; Stuck at VCC                                                                                                                                                                       ;
; y_bola_inimiga[9..7]    ; Input ; Info     ; Stuck at GND                                                                                                                                                                       ;
; y_bola_inimiga[4..3]    ; Input ; Info     ; Stuck at GND                                                                                                                                                                       ;
; y_bola_inimiga[1..0]    ; Input ; Info     ; Stuck at GND                                                                                                                                                                       ;
; y_bola_inimiga[2]       ; Input ; Info     ; Stuck at VCC                                                                                                                                                                       ;
; raio_bola_inimiga[9..3] ; Input ; Info     ; Stuck at GND                                                                                                                                                                       ;
; raio_bola_inimiga[2]    ; Input ; Info     ; Stuck at VCC                                                                                                                                                                       ;
; raio_bola_inimiga[1]    ; Input ; Info     ; Stuck at GND                                                                                                                                                                       ;
; raio_bola_inimiga[0]    ; Input ; Info     ; Stuck at VCC                                                                                                                                                                       ;
+-------------------------+-------+----------+------------------------------------------------------------------------------------------------------------------------------------------------------------------------------------+


+-----------------------------------------------------------------------------------------------------------------------------------------------------------------------------------------------------------------------+
; Port Connectivity Checks: "nave:naveInstancia|bola:bolaAliada"                                                                                                                                                        ;
+--------------+--------+----------+------------------------------------------------------------------------------------------------------------------------------------------------------------------------------------+
; Port         ; Type   ; Severity ; Details                                                                                                                                                                            ;
+--------------+--------+----------+------------------------------------------------------------------------------------------------------------------------------------------------------------------------------------+
; yi[8..7]     ; Input  ; Info     ; Stuck at VCC                                                                                                                                                                       ;
; yi[4..3]     ; Input  ; Info     ; Stuck at GND                                                                                                                                                                       ;
; yi[1..0]     ; Input  ; Info     ; Stuck at GND                                                                                                                                                                       ;
; yi[9]        ; Input  ; Info     ; Stuck at GND                                                                                                                                                                       ;
; yi[6]        ; Input  ; Info     ; Stuck at GND                                                                                                                                                                       ;
; yi[5]        ; Input  ; Info     ; Stuck at VCC                                                                                                                                                                       ;
; yi[2]        ; Input  ; Info     ; Stuck at VCC                                                                                                                                                                       ;
; ehAliada     ; Input  ; Warning  ; Input port expression (32 bits) is wider than the input port (1 bits) it drives.  The 31 most-significant bit(s) in the expression will be dangling if they have no other fanouts. ;
; ehAliada[-1] ; Input  ; Info     ; Stuck at VCC                                                                                                                                                                       ;
; bateu        ; Output ; Warning  ; Declared by entity but not connected by instance. Logic that only feeds a dangling port will be removed.                                                                           ;
+--------------+--------+----------+------------------------------------------------------------------------------------------------------------------------------------------------------------------------------------+


+---------------------------------------------------------------------------------------------------------------------------------------------------------------------------------------------------------------------------+
; Port Connectivity Checks: "nave:naveInstancia"                                                                                                                                                                            ;
+-------------------+-------+----------+------------------------------------------------------------------------------------------------------------------------------------------------------------------------------------+
; Port              ; Type  ; Severity ; Details                                                                                                                                                                            ;
+-------------------+-------+----------+------------------------------------------------------------------------------------------------------------------------------------------------------------------------------------+
; reiniciarJogo     ; Input ; Warning  ; Input port expression (32 bits) is wider than the input port (1 bits) it drives.  The 31 most-significant bit(s) in the expression will be dangling if they have no other fanouts. ;
; reiniciarJogo[-1] ; Input ; Info     ; Stuck at GND                                                                                                                                                                       ;
+-------------------+-------+----------+------------------------------------------------------------------------------------------------------------------------------------------------------------------------------------+


+-----------------------------------------------------+
; Post-Synthesis Netlist Statistics for Top Partition ;
+-----------------------+-----------------------------+
; Type                  ; Count                       ;
+-----------------------+-----------------------------+
; arriav_ff             ; 213                         ;
;     CLR               ; 25                          ;
;     ENA CLR           ; 31                          ;
;     ENA SCLR          ; 109                         ;
;     SCLR              ; 43                          ;
;     plain             ; 5                           ;
; arriav_lcell_comb     ; 501                         ;
;     arith             ; 290                         ;
;         0 data inputs ; 2                           ;
;         1 data inputs ; 205                         ;
;         2 data inputs ; 69                          ;
;         3 data inputs ; 14                          ;
;     normal            ; 159                         ;
;         0 data inputs ; 2                           ;
;         1 data inputs ; 7                           ;
;         2 data inputs ; 10                          ;
;         3 data inputs ; 24                          ;
;         4 data inputs ; 29                          ;
;         5 data inputs ; 20                          ;
;         6 data inputs ; 67                          ;
;     shared            ; 52                          ;
;         0 data inputs ; 2                           ;
;         2 data inputs ; 20                          ;
;         3 data inputs ; 30                          ;
; arriav_mac            ; 10                          ;
; boundary_port         ; 96                          ;
;                       ;                             ;
; Max LUT depth         ; 6.40                        ;
; Average LUT depth     ; 4.45                        ;
+-----------------------+-----------------------------+


+-------------------------------+
; Elapsed Time Per Partition    ;
+----------------+--------------+
; Partition Name ; Elapsed Time ;
+----------------+--------------+
; Top            ; 00:00:00     ;
+----------------+--------------+


+-------------------------------+
; Analysis & Synthesis Messages ;
+-------------------------------+
Info: *******************************************************************
Info: Running Quartus Prime Analysis & Synthesis
    Info: Version 23.1std.0 Build 991 11/28/2023 SC Lite Edition
    Info: Processing started: Sat Jun  8 21:18:07 2024
Info: Command: quartus_map --read_settings_files=on --write_settings_files=off projeto -c projeto
Warning (18236): Number of processors has not been specified which may cause overloading on shared machines.  Set the global assignment NUM_PARALLEL_PROCESSORS in your QSF to an appropriate value for best performance.
Info (20030): Parallel compilation is enabled and will use 4 of the 4 processors detected
Info (12021): Found 1 design units, including 1 entities, in source file src/bola.v
    Info (12023): Found entity 1: bola File: /home/henrique/Documents/unicamp/mc613/2024s1-mc613-projeto-circuitos-hatsune-miku/src/bola.v Line: 1
Info (12021): Found 1 design units, including 1 entities, in source file src/keys.v
    Info (12023): Found entity 1: keys File: /home/henrique/Documents/unicamp/mc613/2024s1-mc613-projeto-circuitos-hatsune-miku/src/keys.v Line: 1
Info (12021): Found 1 design units, including 1 entities, in source file src/memory.v
    Info (12023): Found entity 1: memory File: /home/henrique/Documents/unicamp/mc613/2024s1-mc613-projeto-circuitos-hatsune-miku/src/memory.v Line: 1
Info (12021): Found 1 design units, including 1 entities, in source file src/nave.v
    Info (12023): Found entity 1: nave File: /home/henrique/Documents/unicamp/mc613/2024s1-mc613-projeto-circuitos-hatsune-miku/src/nave.v Line: 1
Info (12021): Found 1 design units, including 1 entities, in source file src/projeto.v
    Info (12023): Found entity 1: projeto File: /home/henrique/Documents/unicamp/mc613/2024s1-mc613-projeto-circuitos-hatsune-miku/src/projeto.v Line: 1
Info (12021): Found 1 design units, including 1 entities, in source file src/vga.v
    Info (12023): Found entity 1: vga File: /home/henrique/Documents/unicamp/mc613/2024s1-mc613-projeto-circuitos-hatsune-miku/src/vga.v Line: 1
Warning (10236): Verilog HDL Implicit Net warning at nave.v(28): created implicit net for "resetNave" File: /home/henrique/Documents/unicamp/mc613/2024s1-mc613-projeto-circuitos-hatsune-miku/src/nave.v Line: 28
Info (12127): Elaborating entity "projeto" for the top level hierarchy
Warning (10034): Output port "HEX0" at projeto.v(13) has no driver File: /home/henrique/Documents/unicamp/mc613/2024s1-mc613-projeto-circuitos-hatsune-miku/src/projeto.v Line: 13
Warning (10034): Output port "HEX1" at projeto.v(14) has no driver File: /home/henrique/Documents/unicamp/mc613/2024s1-mc613-projeto-circuitos-hatsune-miku/src/projeto.v Line: 14
Warning (10034): Output port "HEX2" at projeto.v(15) has no driver File: /home/henrique/Documents/unicamp/mc613/2024s1-mc613-projeto-circuitos-hatsune-miku/src/projeto.v Line: 15
Warning (10034): Output port "HEX3" at projeto.v(16) has no driver File: /home/henrique/Documents/unicamp/mc613/2024s1-mc613-projeto-circuitos-hatsune-miku/src/projeto.v Line: 16
Warning (10034): Output port "HEX4" at projeto.v(17) has no driver File: /home/henrique/Documents/unicamp/mc613/2024s1-mc613-projeto-circuitos-hatsune-miku/src/projeto.v Line: 17
Warning (10034): Output port "HEX5" at projeto.v(18) has no driver File: /home/henrique/Documents/unicamp/mc613/2024s1-mc613-projeto-circuitos-hatsune-miku/src/projeto.v Line: 18
Info (12128): Elaborating entity "vga" for hierarchy "vga:v" File: /home/henrique/Documents/unicamp/mc613/2024s1-mc613-projeto-circuitos-hatsune-miku/src/projeto.v Line: 62
Warning (10230): Verilog HDL assignment warning at vga.v(24): truncated value with size 32 to match size of target (10) File: /home/henrique/Documents/unicamp/mc613/2024s1-mc613-projeto-circuitos-hatsune-miku/src/vga.v Line: 24
Warning (10230): Verilog HDL assignment warning at vga.v(27): truncated value with size 32 to match size of target (10) File: /home/henrique/Documents/unicamp/mc613/2024s1-mc613-projeto-circuitos-hatsune-miku/src/vga.v Line: 27
Warning (10230): Verilog HDL assignment warning at vga.v(34): truncated value with size 32 to match size of target (1) File: /home/henrique/Documents/unicamp/mc613/2024s1-mc613-projeto-circuitos-hatsune-miku/src/vga.v Line: 34
Warning (10230): Verilog HDL assignment warning at vga.v(35): truncated value with size 32 to match size of target (1) File: /home/henrique/Documents/unicamp/mc613/2024s1-mc613-projeto-circuitos-hatsune-miku/src/vga.v Line: 35
Warning (10230): Verilog HDL assignment warning at vga.v(38): truncated value with size 32 to match size of target (1) File: /home/henrique/Documents/unicamp/mc613/2024s1-mc613-projeto-circuitos-hatsune-miku/src/vga.v Line: 38
Info (12128): Elaborating entity "keys" for hierarchy "keys:keysInstancia" File: /home/henrique/Documents/unicamp/mc613/2024s1-mc613-projeto-circuitos-hatsune-miku/src/projeto.v Line: 68
Info (12128): Elaborating entity "nave" for hierarchy "nave:naveInstancia" File: /home/henrique/Documents/unicamp/mc613/2024s1-mc613-projeto-circuitos-hatsune-miku/src/projeto.v Line: 86
Warning (10858): Verilog HDL warning at nave.v(23): object bateu used but never assigned File: /home/henrique/Documents/unicamp/mc613/2024s1-mc613-projeto-circuitos-hatsune-miku/src/nave.v Line: 23
Warning (10230): Verilog HDL assignment warning at nave.v(56): truncated value with size 32 to match size of target (10) File: /home/henrique/Documents/unicamp/mc613/2024s1-mc613-projeto-circuitos-hatsune-miku/src/nave.v Line: 56
Warning (10230): Verilog HDL assignment warning at nave.v(59): truncated value with size 32 to match size of target (10) File: /home/henrique/Documents/unicamp/mc613/2024s1-mc613-projeto-circuitos-hatsune-miku/src/nave.v Line: 59
Warning (10240): Verilog HDL Always Construct warning at nave.v(48): inferring latch(es) for variable "y_nave", which holds its previous value in one or more paths through the always construct File: /home/henrique/Documents/unicamp/mc613/2024s1-mc613-projeto-circuitos-hatsune-miku/src/nave.v Line: 48
Warning (10030): Net "bateu" at nave.v(23) has no driver or initial value, using a default initial value '0' File: /home/henrique/Documents/unicamp/mc613/2024s1-mc613-projeto-circuitos-hatsune-miku/src/nave.v Line: 23
Info (10041): Inferred latch for "y_nave[0]" at nave.v(54) File: /home/henrique/Documents/unicamp/mc613/2024s1-mc613-projeto-circuitos-hatsune-miku/src/nave.v Line: 54
Info (10041): Inferred latch for "y_nave[1]" at nave.v(54) File: /home/henrique/Documents/unicamp/mc613/2024s1-mc613-projeto-circuitos-hatsune-miku/src/nave.v Line: 54
Info (10041): Inferred latch for "y_nave[2]" at nave.v(54) File: /home/henrique/Documents/unicamp/mc613/2024s1-mc613-projeto-circuitos-hatsune-miku/src/nave.v Line: 54
Info (10041): Inferred latch for "y_nave[3]" at nave.v(54) File: /home/henrique/Documents/unicamp/mc613/2024s1-mc613-projeto-circuitos-hatsune-miku/src/nave.v Line: 54
Info (10041): Inferred latch for "y_nave[4]" at nave.v(54) File: /home/henrique/Documents/unicamp/mc613/2024s1-mc613-projeto-circuitos-hatsune-miku/src/nave.v Line: 54
Info (10041): Inferred latch for "y_nave[5]" at nave.v(54) File: /home/henrique/Documents/unicamp/mc613/2024s1-mc613-projeto-circuitos-hatsune-miku/src/nave.v Line: 54
Info (10041): Inferred latch for "y_nave[6]" at nave.v(54) File: /home/henrique/Documents/unicamp/mc613/2024s1-mc613-projeto-circuitos-hatsune-miku/src/nave.v Line: 54
Info (10041): Inferred latch for "y_nave[7]" at nave.v(54) File: /home/henrique/Documents/unicamp/mc613/2024s1-mc613-projeto-circuitos-hatsune-miku/src/nave.v Line: 54
Info (10041): Inferred latch for "y_nave[8]" at nave.v(54) File: /home/henrique/Documents/unicamp/mc613/2024s1-mc613-projeto-circuitos-hatsune-miku/src/nave.v Line: 54
Info (10041): Inferred latch for "y_nave[9]" at nave.v(54) File: /home/henrique/Documents/unicamp/mc613/2024s1-mc613-projeto-circuitos-hatsune-miku/src/nave.v Line: 54
Info (12128): Elaborating entity "bola" for hierarchy "nave:naveInstancia|bola:bolaAliada" File: /home/henrique/Documents/unicamp/mc613/2024s1-mc613-projeto-circuitos-hatsune-miku/src/nave.v Line: 43
Warning (10230): Verilog HDL assignment warning at bola.v(45): truncated value with size 32 to match size of target (10) File: /home/henrique/Documents/unicamp/mc613/2024s1-mc613-projeto-circuitos-hatsune-miku/src/bola.v Line: 45
Warning (10230): Verilog HDL assignment warning at bola.v(46): truncated value with size 32 to match size of target (10) File: /home/henrique/Documents/unicamp/mc613/2024s1-mc613-projeto-circuitos-hatsune-miku/src/bola.v Line: 46
Warning (10230): Verilog HDL assignment warning at bola.v(52): truncated value with size 32 to match size of target (10) File: /home/henrique/Documents/unicamp/mc613/2024s1-mc613-projeto-circuitos-hatsune-miku/src/bola.v Line: 52
Warning (10230): Verilog HDL assignment warning at bola.v(54): truncated value with size 32 to match size of target (10) File: /home/henrique/Documents/unicamp/mc613/2024s1-mc613-projeto-circuitos-hatsune-miku/src/bola.v Line: 54
Info (12128): Elaborating entity "memory" for hierarchy "memory:memoryInstancia" File: /home/henrique/Documents/unicamp/mc613/2024s1-mc613-projeto-circuitos-hatsune-miku/src/projeto.v Line: 109
Warning (12241): 3 hierarchies have connectivity warnings - see the Connectivity Checks report folder
Warning (13024): Output pins are stuck at VCC or GND
    Warning (13410): Pin "VGA_BLANK_N" is stuck at VCC File: /home/henrique/Documents/unicamp/mc613/2024s1-mc613-projeto-circuitos-hatsune-miku/src/projeto.v Line: 10
    Warning (13410): Pin "VGA_SYNC_N" is stuck at GND File: /home/henrique/Documents/unicamp/mc613/2024s1-mc613-projeto-circuitos-hatsune-miku/src/projeto.v Line: 11
    Warning (13410): Pin "HEX0[0]" is stuck at GND File: /home/henrique/Documents/unicamp/mc613/2024s1-mc613-projeto-circuitos-hatsune-miku/src/projeto.v Line: 13
    Warning (13410): Pin "HEX0[1]" is stuck at GND File: /home/henrique/Documents/unicamp/mc613/2024s1-mc613-projeto-circuitos-hatsune-miku/src/projeto.v Line: 13
    Warning (13410): Pin "HEX0[2]" is stuck at GND File: /home/henrique/Documents/unicamp/mc613/2024s1-mc613-projeto-circuitos-hatsune-miku/src/projeto.v Line: 13
    Warning (13410): Pin "HEX0[3]" is stuck at GND File: /home/henrique/Documents/unicamp/mc613/2024s1-mc613-projeto-circuitos-hatsune-miku/src/projeto.v Line: 13
    Warning (13410): Pin "HEX0[4]" is stuck at GND File: /home/henrique/Documents/unicamp/mc613/2024s1-mc613-projeto-circuitos-hatsune-miku/src/projeto.v Line: 13
    Warning (13410): Pin "HEX0[5]" is stuck at GND File: /home/henrique/Documents/unicamp/mc613/2024s1-mc613-projeto-circuitos-hatsune-miku/src/projeto.v Line: 13
    Warning (13410): Pin "HEX0[6]" is stuck at GND File: /home/henrique/Documents/unicamp/mc613/2024s1-mc613-projeto-circuitos-hatsune-miku/src/projeto.v Line: 13
    Warning (13410): Pin "HEX1[0]" is stuck at GND File: /home/henrique/Documents/unicamp/mc613/2024s1-mc613-projeto-circuitos-hatsune-miku/src/projeto.v Line: 14
    Warning (13410): Pin "HEX1[1]" is stuck at GND File: /home/henrique/Documents/unicamp/mc613/2024s1-mc613-projeto-circuitos-hatsune-miku/src/projeto.v Line: 14
    Warning (13410): Pin "HEX1[2]" is stuck at GND File: /home/henrique/Documents/unicamp/mc613/2024s1-mc613-projeto-circuitos-hatsune-miku/src/projeto.v Line: 14
    Warning (13410): Pin "HEX1[3]" is stuck at GND File: /home/henrique/Documents/unicamp/mc613/2024s1-mc613-projeto-circuitos-hatsune-miku/src/projeto.v Line: 14
    Warning (13410): Pin "HEX1[4]" is stuck at GND File: /home/henrique/Documents/unicamp/mc613/2024s1-mc613-projeto-circuitos-hatsune-miku/src/projeto.v Line: 14
    Warning (13410): Pin "HEX1[5]" is stuck at GND File: /home/henrique/Documents/unicamp/mc613/2024s1-mc613-projeto-circuitos-hatsune-miku/src/projeto.v Line: 14
    Warning (13410): Pin "HEX1[6]" is stuck at GND File: /home/henrique/Documents/unicamp/mc613/2024s1-mc613-projeto-circuitos-hatsune-miku/src/projeto.v Line: 14
    Warning (13410): Pin "HEX2[0]" is stuck at GND File: /home/henrique/Documents/unicamp/mc613/2024s1-mc613-projeto-circuitos-hatsune-miku/src/projeto.v Line: 15
    Warning (13410): Pin "HEX2[1]" is stuck at GND File: /home/henrique/Documents/unicamp/mc613/2024s1-mc613-projeto-circuitos-hatsune-miku/src/projeto.v Line: 15
    Warning (13410): Pin "HEX2[2]" is stuck at GND File: /home/henrique/Documents/unicamp/mc613/2024s1-mc613-projeto-circuitos-hatsune-miku/src/projeto.v Line: 15
    Warning (13410): Pin "HEX2[3]" is stuck at GND File: /home/henrique/Documents/unicamp/mc613/2024s1-mc613-projeto-circuitos-hatsune-miku/src/projeto.v Line: 15
    Warning (13410): Pin "HEX2[4]" is stuck at GND File: /home/henrique/Documents/unicamp/mc613/2024s1-mc613-projeto-circuitos-hatsune-miku/src/projeto.v Line: 15
    Warning (13410): Pin "HEX2[5]" is stuck at GND File: /home/henrique/Documents/unicamp/mc613/2024s1-mc613-projeto-circuitos-hatsune-miku/src/projeto.v Line: 15
    Warning (13410): Pin "HEX2[6]" is stuck at GND File: /home/henrique/Documents/unicamp/mc613/2024s1-mc613-projeto-circuitos-hatsune-miku/src/projeto.v Line: 15
    Warning (13410): Pin "HEX3[0]" is stuck at GND File: /home/henrique/Documents/unicamp/mc613/2024s1-mc613-projeto-circuitos-hatsune-miku/src/projeto.v Line: 16
    Warning (13410): Pin "HEX3[1]" is stuck at GND File: /home/henrique/Documents/unicamp/mc613/2024s1-mc613-projeto-circuitos-hatsune-miku/src/projeto.v Line: 16
    Warning (13410): Pin "HEX3[2]" is stuck at GND File: /home/henrique/Documents/unicamp/mc613/2024s1-mc613-projeto-circuitos-hatsune-miku/src/projeto.v Line: 16
    Warning (13410): Pin "HEX3[3]" is stuck at GND File: /home/henrique/Documents/unicamp/mc613/2024s1-mc613-projeto-circuitos-hatsune-miku/src/projeto.v Line: 16
    Warning (13410): Pin "HEX3[4]" is stuck at GND File: /home/henrique/Documents/unicamp/mc613/2024s1-mc613-projeto-circuitos-hatsune-miku/src/projeto.v Line: 16
    Warning (13410): Pin "HEX3[5]" is stuck at GND File: /home/henrique/Documents/unicamp/mc613/2024s1-mc613-projeto-circuitos-hatsune-miku/src/projeto.v Line: 16
    Warning (13410): Pin "HEX3[6]" is stuck at GND File: /home/henrique/Documents/unicamp/mc613/2024s1-mc613-projeto-circuitos-hatsune-miku/src/projeto.v Line: 16
    Warning (13410): Pin "HEX4[0]" is stuck at GND File: /home/henrique/Documents/unicamp/mc613/2024s1-mc613-projeto-circuitos-hatsune-miku/src/projeto.v Line: 17
    Warning (13410): Pin "HEX4[1]" is stuck at GND File: /home/henrique/Documents/unicamp/mc613/2024s1-mc613-projeto-circuitos-hatsune-miku/src/projeto.v Line: 17
    Warning (13410): Pin "HEX4[2]" is stuck at GND File: /home/henrique/Documents/unicamp/mc613/2024s1-mc613-projeto-circuitos-hatsune-miku/src/projeto.v Line: 17
    Warning (13410): Pin "HEX4[3]" is stuck at GND File: /home/henrique/Documents/unicamp/mc613/2024s1-mc613-projeto-circuitos-hatsune-miku/src/projeto.v Line: 17
    Warning (13410): Pin "HEX4[4]" is stuck at GND File: /home/henrique/Documents/unicamp/mc613/2024s1-mc613-projeto-circuitos-hatsune-miku/src/projeto.v Line: 17
    Warning (13410): Pin "HEX4[5]" is stuck at GND File: /home/henrique/Documents/unicamp/mc613/2024s1-mc613-projeto-circuitos-hatsune-miku/src/projeto.v Line: 17
    Warning (13410): Pin "HEX4[6]" is stuck at GND File: /home/henrique/Documents/unicamp/mc613/2024s1-mc613-projeto-circuitos-hatsune-miku/src/projeto.v Line: 17
    Warning (13410): Pin "HEX5[0]" is stuck at GND File: /home/henrique/Documents/unicamp/mc613/2024s1-mc613-projeto-circuitos-hatsune-miku/src/projeto.v Line: 18
    Warning (13410): Pin "HEX5[1]" is stuck at GND File: /home/henrique/Documents/unicamp/mc613/2024s1-mc613-projeto-circuitos-hatsune-miku/src/projeto.v Line: 18
    Warning (13410): Pin "HEX5[2]" is stuck at GND File: /home/henrique/Documents/unicamp/mc613/2024s1-mc613-projeto-circuitos-hatsune-miku/src/projeto.v Line: 18
    Warning (13410): Pin "HEX5[3]" is stuck at GND File: /home/henrique/Documents/unicamp/mc613/2024s1-mc613-projeto-circuitos-hatsune-miku/src/projeto.v Line: 18
    Warning (13410): Pin "HEX5[4]" is stuck at GND File: /home/henrique/Documents/unicamp/mc613/2024s1-mc613-projeto-circuitos-hatsune-miku/src/projeto.v Line: 18
    Warning (13410): Pin "HEX5[5]" is stuck at GND File: /home/henrique/Documents/unicamp/mc613/2024s1-mc613-projeto-circuitos-hatsune-miku/src/projeto.v Line: 18
    Warning (13410): Pin "HEX5[6]" is stuck at GND File: /home/henrique/Documents/unicamp/mc613/2024s1-mc613-projeto-circuitos-hatsune-miku/src/projeto.v Line: 18
Info (286030): Timing-Driven Synthesis is running
Info (16010): Generating hard_block partition "hard_block:auto_generated_inst"
    Info (16011): Adding 0 node(s), including 0 DDIO, 0 PLL, 0 transceiver and 0 LCELL
Warning (21074): Design contains 9 input pin(s) that do not drive logic
    Warning (15610): No output dependent on input pin "SW[2]" File: /home/henrique/Documents/unicamp/mc613/2024s1-mc613-projeto-circuitos-hatsune-miku/src/projeto.v Line: 3
    Warning (15610): No output dependent on input pin "SW[3]" File: /home/henrique/Documents/unicamp/mc613/2024s1-mc613-projeto-circuitos-hatsune-miku/src/projeto.v Line: 3
    Warning (15610): No output dependent on input pin "SW[4]" File: /home/henrique/Documents/unicamp/mc613/2024s1-mc613-projeto-circuitos-hatsune-miku/src/projeto.v Line: 3
    Warning (15610): No output dependent on input pin "SW[5]" File: /home/henrique/Documents/unicamp/mc613/2024s1-mc613-projeto-circuitos-hatsune-miku/src/projeto.v Line: 3
    Warning (15610): No output dependent on input pin "SW[6]" File: /home/henrique/Documents/unicamp/mc613/2024s1-mc613-projeto-circuitos-hatsune-miku/src/projeto.v Line: 3
    Warning (15610): No output dependent on input pin "SW[7]" File: /home/henrique/Documents/unicamp/mc613/2024s1-mc613-projeto-circuitos-hatsune-miku/src/projeto.v Line: 3
    Warning (15610): No output dependent on input pin "SW[8]" File: /home/henrique/Documents/unicamp/mc613/2024s1-mc613-projeto-circuitos-hatsune-miku/src/projeto.v Line: 3
    Warning (15610): No output dependent on input pin "SW[9]" File: /home/henrique/Documents/unicamp/mc613/2024s1-mc613-projeto-circuitos-hatsune-miku/src/projeto.v Line: 3
    Warning (15610): No output dependent on input pin "KEY[3]" File: /home/henrique/Documents/unicamp/mc613/2024s1-mc613-projeto-circuitos-hatsune-miku/src/projeto.v Line: 4
Info (21057): Implemented 748 device resources after synthesis - the final resource count might be different
    Info (21058): Implemented 15 input pins
    Info (21059): Implemented 81 output pins
    Info (21061): Implemented 642 logic cells
    Info (21062): Implemented 10 DSP elements
Info: Quartus Prime Analysis & Synthesis was successful. 0 errors, 78 warnings
    Info: Peak virtual memory: 484 megabytes
    Info: Processing ended: Sat Jun  8 21:18:13 2024
    Info: Elapsed time: 00:00:06
    Info: Total CPU time (on all processors): 00:00:15


